// Jest Snapshot v1, https://goo.gl/fbAQLP

exports[`Pruebas en MultipleCustomHooks Muestra Correctmente MultipleCustomHooks 1`] = `
<div>
  <h1>
    Braking Bad Quotes 
    true
  </h1>
  <hr />
  <div
    className="alert alert-info text-center"
  >
    Loading
  </div>
  <button
    className="btn btn-primary"
    onClick={[Function]}
  >
    Siguiente Quote
  </button>
</div>
`;
